INSTALL
Created Thu May 31 16:43:32 AKDT 2018
Copyright (C) 2018 by Raymond E. Marcil <marcilr@gmail.com>


Installation of JSTock on Debian 9.4 amd64


1. Verify java is installed:
$ java -version
openjdk version "1.8.0_141"
OpenJDK Runtime Environment (build 1.8.0_141-8u141-b15-1~deb9u1-b15)
OpenJDK 64-Bit Server VM (build 25.141-b15, mixed mode)
$

2. Download JStock from:
https://github.com/yccheok/jstock/releases/download/release_1-0-7-32/jstock-1.0.7.32-bin.zip

3. Expand jstock zip archive:
$ unzip jstock-1.0.7.32-bin.zip
Archive:  jstock-1.0.7.32-bin.zip
   creating: jstock/
   creating: jstock/config/
  inflating: jstock/config/commons-logging.properties  
  ...
  inflating: jstock/lib/xstream-1.4.2.jar
$

4. Install dependencies:
# aptitude install libgtk-3-dev
# aptitude install libswt-gtk-3-java
# aptitude install openjfx  

5. Run jstock
$ cd jstock
$ chmod 755 jstock.sh
$ ./jstock


Links
=====
Graphics Device initialization failed for : es2, sw on Ubuntu #83
Open mberrueta opened this issue on Jan 16, 2017 Â· 3 comments
o Has openjfx package dependency for error
https://github.com/yccheok/jstock/issues/83

How to install JStock on Linux?
https://jstock.org/help_install_upgrade.html#install-linux

Install The JStock, Stock Market "Tracker" in Ubuntu/Linux
My Geek Opinions
http://mygeekopinions.blogspot.com/2011/05/install-jstock-stock-market-tracker-in.html

JStock
Free Stock Market Software
https://jstock.org/

JStock download
Free Stock Market Software
https://jstock.org/download
