INSTALL
Created Thu May 31 16:43:32 AKDT 2018
Copyright (C) 2018 by Raymond E. Marcil <marcilr@gmail.com>


Installation of JSTock on Debian 9.4 amd64


1. Verify java is installed:
$ java -version
openjdk version "1.8.0_141"
OpenJDK Runtime Environment (build 1.8.0_141-8u141-b15-1~deb9u1-b15)
OpenJDK 64-Bit Server VM (build 25.141-b15, mixed mode)
$

2. Download JStock from:
https://github.com/yccheok/jstock/releases/download/release_1-0-7-32/jstock-1.0.7.32-bin.zip

3. Expand jstock zip archive:
$ unzip jstock-1.0.7.32-bin.zip
Archive:  jstock-1.0.7.32-bin.zip
   creating: jstock/
   creating: jstock/config/
  inflating: jstock/config/commons-logging.properties  
  ...
  inflating: jstock/lib/xstream-1.4.2.jar
$

4. Also took dependencies:
# aptitude install libgtk-3-dev
# aptitude install libswt-gtk-3-java

--Graphics Device initialization failed for : es2, sw
  https://askubuntu.com/questions/600657/graphics-device-initialization-failed-for-es2-sw?utm_medium=organic&utm_source=google_rich_qa&utm_campaign=google_rich_qa 

5. Run jstock
$ cd jstock
$ chmod 755 jstock.sh
$ ./jstock
Graphics Device initialization failed for :  es2, sw
Error initializing QuantumRenderer: no suitable pipeline found
java.lang.RuntimeException: java.lang.RuntimeException: Error initializing QuantumRenderer: no suitable pipeline found
	at com.sun.javafx.tk.quantum.QuantumRenderer.getInstance(QuantumRenderer.java:280)
	at com.sun.javafx.tk.quantum.QuantumToolkit.init(QuantumToolkit.java:221)
	at com.sun.javafx.tk.Toolkit.getToolkit(Toolkit.java:248)
...
	at java.awt.EventDispatchThread.pumpEvents(EventDispatchThread.java:93)
	at java.awt.EventDispatchThread.run(EventDispatchThread.java:82)
ctrl-c
$



Links
=====
How to install JStock on Linux?
https://jstock.org/help_install_upgrade.html#install-linux

Install The JStock, Stock Market "Tracker" in Ubuntu/Linux
My Geek Opinions
http://mygeekopinions.blogspot.com/2011/05/install-jstock-stock-market-tracker-in.html

JStock
Free Stock Market Software
https://jstock.org/

JStock download
Free Stock Market Software
https://jstock.org/download
